--------------------------------------------------------------------------------
Release 5.1.03i - Trace F.23
Copyright (c) 1995-2002 Xilinx, Inc.  All rights reserved.

C:/xilinx/bin/nt/trce.exe -quiet -e 3 -l 3 -xml alu alu.ncd -o alu.twr alu.pcf

Design file:              alu.ncd
Physical constraint file: alu.pcf
Device,speed:             xc2s50e,-6 (PRODUCTION 1.16 2002-11-01)
Report level:             error report

Environment Variable      Effect 
--------------------      ------ 
NONE                      No environment variables were set
--------------------------------------------------------------------------------


================================================================================
Timing constraint: TS_P2P = MAXDELAY FROM TIMEGRP "PADS" TO TIMEGRP "PADS" 10 nS  ; 

 632 items analyzed, 16 timing errors detected.
 Maximum delay is  14.670ns.
--------------------------------------------------------------------------------
Slack:                  -4.670ns (requirement - data path)
  Source:               af<1> (PAD)
  Destination:          y<11> (PAD)
  Requirement:          10.000ns
  Data Path Delay:      14.670ns (Levels of Logic = 6)

  Data Path: af<1> to y<11>
    Location             Delay type         Delay(ns)  Physical Resource
                                                       Logical Resource(s)
    -------------------------------------------------  -------------------
    P58.I                Tiopi                 0.797   af<1>
                                                       af<1>
                                                       af_1_ibuf
    CLB_R11C20.S0.F4     net (fanout=47)       1.779   af_1_ibuf
    CLB_R11C20.S0.X      Tilo                  0.468   n1976
                                                       ker19741
    CLB_R7C18.S1.F3      net (fanout=14)       2.241   n1976
    CLB_R7C18.S1.X       Tilo                  0.468   n3219
                                                       y<11>16_sw0
    CLB_R12C18.S1.F4     net (fanout=1)        1.252   n3219
    CLB_R12C18.S1.X      Tilo                  0.468   choice47
                                                       y<11>16
    CLB_R12C18.S1.G4     net (fanout=1)        0.297   choice47
    CLB_R12C18.S1.Y      Tilo                  0.468   choice47
                                                       y<11>23
    P64.O                net (fanout=1)        1.831   y_11_obuf
    P64.PAD              Tioop                 4.601   y<11>
                                                       y_11_obuf
                                                       y<11>
    -------------------------------------------------  ---------------------------
    Total                                     14.670ns (7.270ns logic, 7.400ns route)
                                                       (49.6% logic, 50.4% route)

--------------------------------------------------------------------------------
Slack:                  -4.553ns (requirement - data path)
  Source:               af<2> (PAD)
  Destination:          y<11> (PAD)
  Requirement:          10.000ns
  Data Path Delay:      14.553ns (Levels of Logic = 6)

  Data Path: af<2> to y<11>
    Location             Delay type         Delay(ns)  Physical Resource
                                                       Logical Resource(s)
    -------------------------------------------------  -------------------
    P116.I               Tiopi                 0.797   af<2>
                                                       af<2>
                                                       af_2_ibuf
    CLB_R11C20.S0.F3     net (fanout=33)       1.662   af_2_ibuf
    CLB_R11C20.S0.X      Tilo                  0.468   n1976
                                                       ker19741
    CLB_R7C18.S1.F3      net (fanout=14)       2.241   n1976
    CLB_R7C18.S1.X       Tilo                  0.468   n3219
                                                       y<11>16_sw0
    CLB_R12C18.S1.F4     net (fanout=1)        1.252   n3219
    CLB_R12C18.S1.X      Tilo                  0.468   choice47
                                                       y<11>16
    CLB_R12C18.S1.G4     net (fanout=1)        0.297   choice47
    CLB_R12C18.S1.Y      Tilo                  0.468   choice47
                                                       y<11>23
    P64.O                net (fanout=1)        1.831   y_11_obuf
    P64.PAD              Tioop                 4.601   y<11>
                                                       y_11_obuf
                                                       y<11>
    -------------------------------------------------  ---------------------------
    Total                                     14.553ns (7.270ns logic, 7.283ns route)
                                                       (50.0% logic, 50.0% route)

--------------------------------------------------------------------------------
Slack:                  -4.494ns (requirement - data path)
  Source:               af<1> (PAD)
  Destination:          y<14> (PAD)
  Requirement:          10.000ns
  Data Path Delay:      14.494ns (Levels of Logic = 6)

  Data Path: af<1> to y<14>
    Location             Delay type         Delay(ns)  Physical Resource
                                                       Logical Resource(s)
    -------------------------------------------------  -------------------
    P58.I                Tiopi                 0.797   af<1>
                                                       af<1>
                                                       af_1_ibuf
    CLB_R11C20.S0.F4     net (fanout=47)       1.779   af_1_ibuf
    CLB_R11C20.S0.X      Tilo                  0.468   n1976
                                                       ker19741
    CLB_R12C13.S0.F3     net (fanout=14)       1.531   n1976
    CLB_R12C13.S0.X      Tilo                  0.468   choice28
                                                       y<14>14
    CLB_R8C21.S0.F3      net (fanout=1)        2.062   choice28
    CLB_R8C21.S0.X       Tilo                  0.468   n3228
                                                       y<14>23_sw0
    CLB_R8C21.S0.G4      net (fanout=1)        0.297   n3228
    CLB_R8C21.S0.Y       Tilo                  0.468   n3228
                                                       y<14>23
    P89.O                net (fanout=1)        1.555   y_14_obuf
    P89.PAD              Tioop                 4.601   y<14>
                                                       y_14_obuf
                                                       y<14>
    -------------------------------------------------  ---------------------------
    Total                                     14.494ns (7.270ns logic, 7.224ns route)
                                                       (50.2% logic, 49.8% route)

--------------------------------------------------------------------------------


1 constraint not met.


Data Sheet report:
-----------------
All values displayed in nanoseconds (ns)

Pad to Pad
---------------+---------------+---------+
Source Pad     |Destination Pad|  Delay  |
---------------+---------------+---------+
a<0>           |y<0>           |   11.451|
a<0>           |y<10>          |   12.765|
a<0>           |y<11>          |   12.884|
a<0>           |y<12>          |   13.195|
a<0>           |y<13>          |   12.712|
a<0>           |y<14>          |   12.993|
a<0>           |y<15>          |   13.409|
a<0>           |y<1>           |   12.286|
a<0>           |y<2>           |   11.671|
a<0>           |y<3>           |   11.886|
a<0>           |y<4>           |   11.815|
a<0>           |y<5>           |   12.461|
a<0>           |y<6>           |   13.156|
a<0>           |y<7>           |   12.592|
a<0>           |y<8>           |   13.240|
a<0>           |y<9>           |   12.002|
a<10>          |y<10>          |   12.442|
a<10>          |y<11>          |   13.223|
a<10>          |y<12>          |   13.534|
a<10>          |y<13>          |   13.051|
a<10>          |y<14>          |   13.332|
a<10>          |y<15>          |   13.748|
a<11>          |y<11>          |   12.317|
a<11>          |y<12>          |   12.912|
a<11>          |y<13>          |   12.429|
a<11>          |y<14>          |   12.710|
a<11>          |y<15>          |   13.126|
a<12>          |y<12>          |   11.989|
a<12>          |y<13>          |   11.749|
a<12>          |y<14>          |   12.030|
a<12>          |y<15>          |   12.446|
a<13>          |y<13>          |   12.203|
a<13>          |y<14>          |   12.880|
a<13>          |y<15>          |   13.296|
a<14>          |y<14>          |   12.357|
a<14>          |y<15>          |   13.435|
a<15>          |y<15>          |   12.333|
a<1>           |y<10>          |   12.852|
a<1>           |y<11>          |   12.971|
a<1>           |y<12>          |   13.282|
a<1>           |y<13>          |   12.799|
a<1>           |y<14>          |   13.080|
a<1>           |y<15>          |   13.496|
a<1>           |y<1>           |   11.685|
a<1>           |y<2>           |   11.758|
a<1>           |y<3>           |   11.973|
a<1>           |y<4>           |   11.902|
a<1>           |y<5>           |   12.548|
a<1>           |y<6>           |   13.243|
a<1>           |y<7>           |   12.679|
a<1>           |y<8>           |   13.327|
a<1>           |y<9>           |   12.089|
a<2>           |y<10>          |   12.814|
a<2>           |y<11>          |   12.933|
a<2>           |y<12>          |   13.244|
a<2>           |y<13>          |   12.761|
a<2>           |y<14>          |   13.042|
a<2>           |y<15>          |   13.458|
a<2>           |y<2>           |   11.834|
a<2>           |y<3>           |   11.935|
a<2>           |y<4>           |   11.864|
a<2>           |y<5>           |   12.510|
a<2>           |y<6>           |   13.205|
a<2>           |y<7>           |   12.641|
a<2>           |y<8>           |   13.289|
a<2>           |y<9>           |   12.051|
a<3>           |y<10>          |   12.818|
a<3>           |y<11>          |   12.937|
a<3>           |y<12>          |   13.248|
a<3>           |y<13>          |   12.765|
a<3>           |y<14>          |   13.046|
a<3>           |y<15>          |   13.462|
a<3>           |y<3>           |   11.251|
a<3>           |y<4>           |   11.868|
a<3>           |y<5>           |   12.514|
a<3>           |y<6>           |   13.209|
a<3>           |y<7>           |   12.645|
a<3>           |y<8>           |   13.293|
a<3>           |y<9>           |   12.055|
a<4>           |y<10>          |   12.822|
a<4>           |y<11>          |   12.941|
a<4>           |y<12>          |   13.252|
a<4>           |y<13>          |   12.769|
a<4>           |y<14>          |   13.050|
a<4>           |y<15>          |   13.466|
a<4>           |y<4>           |   12.121|
a<4>           |y<5>           |   12.518|
a<4>           |y<6>           |   13.213|
a<4>           |y<7>           |   12.649|
a<4>           |y<8>           |   13.297|
a<4>           |y<9>           |   12.059|
a<5>           |y<10>          |   12.757|
a<5>           |y<11>          |   12.876|
a<5>           |y<12>          |   13.187|
a<5>           |y<13>          |   12.704|
a<5>           |y<14>          |   12.985|
a<5>           |y<15>          |   13.401|
a<5>           |y<5>           |   11.765|
a<5>           |y<6>           |   13.148|
a<5>           |y<7>           |   12.584|
a<5>           |y<8>           |   13.232|
a<5>           |y<9>           |   11.994|
a<6>           |y<10>          |   13.458|
a<6>           |y<11>          |   13.577|
a<6>           |y<12>          |   13.888|
a<6>           |y<13>          |   13.405|
a<6>           |y<14>          |   13.686|
a<6>           |y<15>          |   14.102|
a<6>           |y<6>           |   13.187|
a<6>           |y<7>           |   13.285|
a<6>           |y<8>           |   13.933|
a<6>           |y<9>           |   12.695|
a<7>           |y<10>          |   12.098|
a<7>           |y<11>          |   12.217|
a<7>           |y<12>          |   12.528|
a<7>           |y<13>          |   12.045|
a<7>           |y<14>          |   12.326|
a<7>           |y<15>          |   12.742|
a<7>           |y<7>           |   11.715|
a<7>           |y<8>           |   12.573|
a<7>           |y<9>           |   11.335|
a<8>           |y<10>          |   12.010|
a<8>           |y<11>          |   12.129|
a<8>           |y<12>          |   12.440|
a<8>           |y<13>          |   11.957|
a<8>           |y<14>          |   12.238|
a<8>           |y<15>          |   12.654|
a<8>           |y<8>           |   12.806|
a<8>           |y<9>           |   11.247|
a<9>           |y<10>          |   12.494|
a<9>           |y<11>          |   12.613|
a<9>           |y<12>          |   12.924|
a<9>           |y<13>          |   12.441|
a<9>           |y<14>          |   12.722|
a<9>           |y<15>          |   13.138|
a<9>           |y<9>           |   11.806|
af<0>          |y<0>           |   11.636|
af<0>          |y<10>          |   13.030|
af<0>          |y<11>          |   13.149|
af<0>          |y<12>          |   13.460|
af<0>          |y<13>          |   12.977|
af<0>          |y<14>          |   13.258|
af<0>          |y<15>          |   13.674|
af<0>          |y<1>           |   12.358|
af<0>          |y<2>           |   12.127|
af<0>          |y<3>           |   11.982|
af<0>          |y<4>           |   12.240|
af<0>          |y<5>           |   12.683|
af<0>          |y<6>           |   13.559|
af<0>          |y<7>           |   12.814|
af<0>          |y<8>           |   13.657|
af<0>          |y<9>           |   12.616|
af<1>          |y<0>           |   11.330|
af<1>          |y<10>          |   12.411|
af<1>          |y<11>          |   14.670|
af<1>          |y<12>          |   14.352|
af<1>          |y<13>          |   14.178|
af<1>          |y<14>          |   14.494|
af<1>          |y<15>          |   12.052|
af<1>          |y<1>           |   13.218|
af<1>          |y<2>           |   13.586|
af<1>          |y<3>           |   13.176|
af<1>          |y<4>           |   13.109|
af<1>          |y<5>           |   13.654|
af<1>          |y<6>           |   14.391|
af<1>          |y<7>           |   13.540|
af<1>          |y<8>           |   14.016|
af<1>          |y<9>           |   13.227|
af<2>          |y<0>           |   10.190|
af<2>          |y<10>          |   12.294|
af<2>          |y<11>          |   14.553|
af<2>          |y<12>          |   14.235|
af<2>          |y<13>          |   14.061|
af<2>          |y<14>          |   14.377|
af<2>          |y<15>          |   10.377|
af<2>          |y<1>           |   13.101|
af<2>          |y<2>           |   13.469|
af<2>          |y<3>           |   13.059|
af<2>          |y<4>           |   12.992|
af<2>          |y<5>           |   13.537|
af<2>          |y<6>           |   14.274|
af<2>          |y<7>           |   13.423|
af<2>          |y<8>           |   13.899|
af<2>          |y<9>           |   13.110|
b<0>           |y<0>           |   11.250|
b<0>           |y<10>          |   13.056|
b<0>           |y<11>          |   13.175|
b<0>           |y<12>          |   13.486|
b<0>           |y<13>          |   13.003|
b<0>           |y<14>          |   13.284|
b<0>           |y<15>          |   13.700|
b<0>           |y<1>           |   12.577|
b<0>           |y<2>           |   11.962|
b<0>           |y<3>           |   12.177|
b<0>           |y<4>           |   12.106|
b<0>           |y<5>           |   12.752|
b<0>           |y<6>           |   13.447|
b<0>           |y<7>           |   12.883|
b<0>           |y<8>           |   13.531|
b<0>           |y<9>           |   12.293|
b<10>          |y<10>          |   11.167|
b<10>          |y<11>          |   11.902|
b<10>          |y<12>          |   12.213|
b<10>          |y<13>          |   11.730|
b<10>          |y<14>          |   12.011|
b<10>          |y<15>          |   12.427|
b<10>          |y<9>           |   10.870|
b<11>          |y<10>          |   11.380|
b<11>          |y<11>          |   12.773|
b<11>          |y<12>          |   13.197|
b<11>          |y<13>          |   12.714|
b<11>          |y<14>          |   12.995|
b<11>          |y<15>          |   13.411|
b<12>          |y<11>          |   11.940|
b<12>          |y<12>          |   12.120|
b<12>          |y<13>          |   11.735|
b<12>          |y<14>          |   12.016|
b<12>          |y<15>          |   12.432|
b<13>          |y<12>          |   12.247|
b<13>          |y<13>          |   12.513|
b<13>          |y<14>          |   12.839|
b<13>          |y<15>          |   13.255|
b<14>          |y<13>          |   12.301|
b<14>          |y<14>          |   11.963|
b<14>          |y<15>          |   13.012|
b<15>          |y<14>          |   12.292|
b<15>          |y<15>          |   12.955|
b<1>           |y<0>           |    9.911|
b<1>           |y<10>          |   13.078|
b<1>           |y<11>          |   13.197|
b<1>           |y<12>          |   13.508|
b<1>           |y<13>          |   13.025|
b<1>           |y<14>          |   13.306|
b<1>           |y<15>          |   13.722|
b<1>           |y<1>           |   11.911|
b<1>           |y<2>           |   11.984|
b<1>           |y<3>           |   12.199|
b<1>           |y<4>           |   12.128|
b<1>           |y<5>           |   12.774|
b<1>           |y<6>           |   13.469|
b<1>           |y<7>           |   12.905|
b<1>           |y<8>           |   13.553|
b<1>           |y<9>           |   12.315|
b<2>           |y<10>          |   13.463|
b<2>           |y<11>          |   13.582|
b<2>           |y<12>          |   13.893|
b<2>           |y<13>          |   13.410|
b<2>           |y<14>          |   13.691|
b<2>           |y<15>          |   14.107|
b<2>           |y<1>           |   11.253|
b<2>           |y<2>           |   11.707|
b<2>           |y<3>           |   12.584|
b<2>           |y<4>           |   12.513|
b<2>           |y<5>           |   13.159|
b<2>           |y<6>           |   13.854|
b<2>           |y<7>           |   13.290|
b<2>           |y<8>           |   13.938|
b<2>           |y<9>           |   12.700|
b<3>           |y<10>          |   13.057|
b<3>           |y<11>          |   13.176|
b<3>           |y<12>          |   13.487|
b<3>           |y<13>          |   13.004|
b<3>           |y<14>          |   13.285|
b<3>           |y<15>          |   13.701|
b<3>           |y<2>           |   11.400|
b<3>           |y<3>           |   11.680|
b<3>           |y<4>           |   12.107|
b<3>           |y<5>           |   12.753|
b<3>           |y<6>           |   13.448|
b<3>           |y<7>           |   12.884|
b<3>           |y<8>           |   13.532|
b<3>           |y<9>           |   12.294|
b<4>           |y<10>          |   12.671|
b<4>           |y<11>          |   12.790|
b<4>           |y<12>          |   13.101|
b<4>           |y<13>          |   12.618|
b<4>           |y<14>          |   12.899|
b<4>           |y<15>          |   13.315|
b<4>           |y<3>           |   10.688|
b<4>           |y<4>           |   11.693|
b<4>           |y<5>           |   12.367|
b<4>           |y<6>           |   13.062|
b<4>           |y<7>           |   12.498|
b<4>           |y<8>           |   13.146|
b<4>           |y<9>           |   11.908|
b<5>           |y<10>          |   12.711|
b<5>           |y<11>          |   12.830|
b<5>           |y<12>          |   13.141|
b<5>           |y<13>          |   12.658|
b<5>           |y<14>          |   12.939|
b<5>           |y<15>          |   13.355|
b<5>           |y<4>           |   10.859|
b<5>           |y<5>           |   11.719|
b<5>           |y<6>           |   13.102|
b<5>           |y<7>           |   12.538|
b<5>           |y<8>           |   13.186|
b<5>           |y<9>           |   11.948|
b<6>           |y<10>          |   12.515|
b<6>           |y<11>          |   12.634|
b<6>           |y<12>          |   12.945|
b<6>           |y<13>          |   12.462|
b<6>           |y<14>          |   12.743|
b<6>           |y<15>          |   13.159|
b<6>           |y<5>           |   12.016|
b<6>           |y<6>           |   12.792|
b<6>           |y<7>           |   12.342|
b<6>           |y<8>           |   12.990|
b<6>           |y<9>           |   11.752|
b<7>           |y<10>          |   12.641|
b<7>           |y<11>          |   12.760|
b<7>           |y<12>          |   13.071|
b<7>           |y<13>          |   12.588|
b<7>           |y<14>          |   12.869|
b<7>           |y<15>          |   13.285|
b<7>           |y<6>           |   12.902|
b<7>           |y<7>           |   12.125|
b<7>           |y<8>           |   13.116|
b<7>           |y<9>           |   11.878|
b<8>           |y<10>          |   12.599|
b<8>           |y<11>          |   12.718|
b<8>           |y<12>          |   13.029|
b<8>           |y<13>          |   12.546|
b<8>           |y<14>          |   12.827|
b<8>           |y<15>          |   13.243|
b<8>           |y<7>           |   11.370|
b<8>           |y<8>           |   13.071|
b<8>           |y<9>           |   11.836|
b<9>           |y<10>          |   12.092|
b<9>           |y<11>          |   12.211|
b<9>           |y<12>          |   12.522|
b<9>           |y<13>          |   12.039|
b<9>           |y<14>          |   12.320|
b<9>           |y<15>          |   12.736|
b<9>           |y<8>           |   13.074|
b<9>           |y<9>           |   11.118|
---------------+---------------+---------+


Timing summary:
---------------

Timing errors: 16  Score: 58817

Constraints cover 632 paths, 0 nets, and 322 connections (100.0% coverage)

Design statistics:
   Maximum path delay from/to any node:  14.670ns


Analysis completed Sat Mar 29 21:06:39 2003
--------------------------------------------------------------------------------

