--------------------------------------------------------------------------------
Release 5.1.03i - Trace F.23
Copyright (c) 1995-2002 Xilinx, Inc.  All rights reserved.

C:/xilinx/bin/nt/trce.exe -quiet -e 3 -l 3 -xml alu alu.ncd -o alu.twr alu.pcf

Design file:              alu.ncd
Physical constraint file: alu.pcf
Device,speed:             xc2s50e,-6 (PRODUCTION 1.16 2002-11-01)
Report level:             error report

Environment Variable      Effect 
--------------------      ------ 
NONE                      No environment variables were set
--------------------------------------------------------------------------------


================================================================================
Timing constraint: TS_P2P = MAXDELAY FROM TIMEGRP "PADS" TO TIMEGRP "PADS" 10 nS  ; 

 918 items analyzed, 16 timing errors detected.
 Maximum delay is  16.774ns.
--------------------------------------------------------------------------------
Slack:                  -6.774ns (requirement - data path)
  Source:               af<2> (PAD)
  Destination:          y<8> (PAD)
  Requirement:          10.000ns
  Data Path Delay:      16.774ns (Levels of Logic = 10)

  Data Path: af<2> to y<8>
    Location             Delay type         Delay(ns)  Physical Resource
                                                       Logical Resource(s)
    -------------------------------------------------  -------------------
    P125.I               Tiopi                 0.797   af<2>
                                                       af<2>
                                                       af_2_ibuf
    CLB_R11C19.S1.G3     net (fanout=17)       2.064   af_2_ibuf
    CLB_R11C19.S1.Y      Tilo                  0.468   _n0001
                                                       _n00011
    CLB_R14C19.S0.G4     net (fanout=17)       1.551   _n0001
    CLB_R14C19.S0.COUT   Topcyg                1.000   _n0009<16>
                                                       maddsub__n0002_inst_lut3_491
                                                       maddsub__n0002_inst_cy_1
    CLB_R13C19.S0.CIN    net (fanout=1)        0.000   maddsub__n0002_inst_cy_1
    CLB_R13C19.S0.COUT   Tbyp                  0.149   _n0009<18>
                                                       maddsub__n0002_inst_cy_2
                                                       maddsub__n0002_inst_cy_3
    CLB_R12C19.S0.CIN    net (fanout=1)        0.000   maddsub__n0002_inst_cy_3
    CLB_R12C19.S0.COUT   Tbyp                  0.149   _n0009<20>
                                                       maddsub__n0002_inst_cy_4
                                                       maddsub__n0002_inst_cy_5
    CLB_R11C19.S0.CIN    net (fanout=1)        0.000   maddsub__n0002_inst_cy_5
    CLB_R11C19.S0.COUT   Tbyp                  0.149   _n0009<22>
                                                       maddsub__n0002_inst_cy_6
                                                       maddsub__n0002_inst_cy_7
    CLB_R10C19.S0.CIN    net (fanout=1)        0.000   maddsub__n0002_inst_cy_7
    CLB_R10C19.S0.X      Tcinx                 0.664   _n0009<24>
                                                       maddsub__n0002_inst_sum_8
    CLB_R7C13.S0.G4      net (fanout=1)        1.575   _n0009<24>
    CLB_R7C13.S0.F5      Tif5                  0.903   mmux_y__net58
                                                       _n0009<24>_rt
                                                       mmux_y_inst_mux_f5_16
    CLB_R7C13.S1.F5IN    net (fanout=1)        0.000   mmux_y__net58
    CLB_R7C13.S1.Y       Tf5iny                0.220   y_8_obuf
                                                       mmux_y_inst_mux_f6_8
    P32.O                net (fanout=1)        2.484   y_8_obuf
    P32.PAD              Tioop                 4.601   y<8>
                                                       y_8_obuf
                                                       y<8>
    -------------------------------------------------  ---------------------------
    Total                                     16.774ns (9.100ns logic, 7.674ns route)
                                                       (54.3% logic, 45.7% route)

--------------------------------------------------------------------------------
Slack:                  -6.728ns (requirement - data path)
  Source:               af<2> (PAD)
  Destination:          y<8> (PAD)
  Requirement:          10.000ns
  Data Path Delay:      16.728ns (Levels of Logic = 9)

  Data Path: af<2> to y<8>
    Location             Delay type         Delay(ns)  Physical Resource
                                                       Logical Resource(s)
    -------------------------------------------------  -------------------
    P125.I               Tiopi                 0.797   af<2>
                                                       af<2>
                                                       af_2_ibuf
    CLB_R11C19.S1.G3     net (fanout=17)       2.064   af_2_ibuf
    CLB_R11C19.S1.Y      Tilo                  0.468   _n0001
                                                       _n00011
    CLB_R13C19.S0.G3     net (fanout=17)       1.654   _n0001
    CLB_R13C19.S0.COUT   Topcyg                1.000   _n0009<18>
                                                       maddsub__n0002_inst_lut3_511
                                                       maddsub__n0002_inst_cy_3
    CLB_R12C19.S0.CIN    net (fanout=1)        0.000   maddsub__n0002_inst_cy_3
    CLB_R12C19.S0.COUT   Tbyp                  0.149   _n0009<20>
                                                       maddsub__n0002_inst_cy_4
                                                       maddsub__n0002_inst_cy_5
    CLB_R11C19.S0.CIN    net (fanout=1)        0.000   maddsub__n0002_inst_cy_5
    CLB_R11C19.S0.COUT   Tbyp                  0.149   _n0009<22>
                                                       maddsub__n0002_inst_cy_6
                                                       maddsub__n0002_inst_cy_7
    CLB_R10C19.S0.CIN    net (fanout=1)        0.000   maddsub__n0002_inst_cy_7
    CLB_R10C19.S0.X      Tcinx                 0.664   _n0009<24>
                                                       maddsub__n0002_inst_sum_8
    CLB_R7C13.S0.G4      net (fanout=1)        1.575   _n0009<24>
    CLB_R7C13.S0.F5      Tif5                  0.903   mmux_y__net58
                                                       _n0009<24>_rt
                                                       mmux_y_inst_mux_f5_16
    CLB_R7C13.S1.F5IN    net (fanout=1)        0.000   mmux_y__net58
    CLB_R7C13.S1.Y       Tf5iny                0.220   y_8_obuf
                                                       mmux_y_inst_mux_f6_8
    P32.O                net (fanout=1)        2.484   y_8_obuf
    P32.PAD              Tioop                 4.601   y<8>
                                                       y_8_obuf
                                                       y<8>
    -------------------------------------------------  ---------------------------
    Total                                     16.728ns (8.951ns logic, 7.777ns route)
                                                       (53.5% logic, 46.5% route)

--------------------------------------------------------------------------------
Slack:                  -6.674ns (requirement - data path)
  Source:               af<2> (PAD)
  Destination:          y<8> (PAD)
  Requirement:          10.000ns
  Data Path Delay:      16.674ns (Levels of Logic = 10)

  Data Path: af<2> to y<8>
    Location             Delay type         Delay(ns)  Physical Resource
                                                       Logical Resource(s)
    -------------------------------------------------  -------------------
    P125.I               Tiopi                 0.797   af<2>
                                                       af<2>
                                                       af_2_ibuf
    CLB_R11C19.S1.G3     net (fanout=17)       2.064   af_2_ibuf
    CLB_R11C19.S1.Y      Tilo                  0.468   _n0001
                                                       _n00011
    CLB_R14C19.S0.F3     net (fanout=17)       1.512   _n0001
    CLB_R14C19.S0.COUT   Topcyf                0.939   _n0009<16>
                                                       maddsub__n0002_inst_lut3_481
                                                       maddsub__n0002_inst_cy_0
                                                       maddsub__n0002_inst_cy_1
    CLB_R13C19.S0.CIN    net (fanout=1)        0.000   maddsub__n0002_inst_cy_1
    CLB_R13C19.S0.COUT   Tbyp                  0.149   _n0009<18>
                                                       maddsub__n0002_inst_cy_2
                                                       maddsub__n0002_inst_cy_3
    CLB_R12C19.S0.CIN    net (fanout=1)        0.000   maddsub__n0002_inst_cy_3
    CLB_R12C19.S0.COUT   Tbyp                  0.149   _n0009<20>
                                                       maddsub__n0002_inst_cy_4
                                                       maddsub__n0002_inst_cy_5
    CLB_R11C19.S0.CIN    net (fanout=1)        0.000   maddsub__n0002_inst_cy_5
    CLB_R11C19.S0.COUT   Tbyp                  0.149   _n0009<22>
                                                       maddsub__n0002_inst_cy_6
                                                       maddsub__n0002_inst_cy_7
    CLB_R10C19.S0.CIN    net (fanout=1)        0.000   maddsub__n0002_inst_cy_7
    CLB_R10C19.S0.X      Tcinx                 0.664   _n0009<24>
                                                       maddsub__n0002_inst_sum_8
    CLB_R7C13.S0.G4      net (fanout=1)        1.575   _n0009<24>
    CLB_R7C13.S0.F5      Tif5                  0.903   mmux_y__net58
                                                       _n0009<24>_rt
                                                       mmux_y_inst_mux_f5_16
    CLB_R7C13.S1.F5IN    net (fanout=1)        0.000   mmux_y__net58
    CLB_R7C13.S1.Y       Tf5iny                0.220   y_8_obuf
                                                       mmux_y_inst_mux_f6_8
    P32.O                net (fanout=1)        2.484   y_8_obuf
    P32.PAD              Tioop                 4.601   y<8>
                                                       y_8_obuf
                                                       y<8>
    -------------------------------------------------  ---------------------------
    Total                                     16.674ns (9.039ns logic, 7.635ns route)
                                                       (54.2% logic, 45.8% route)

--------------------------------------------------------------------------------


1 constraint not met.


Data Sheet report:
-----------------
All values displayed in nanoseconds (ns)

Pad to Pad
---------------+---------------+---------+
Source Pad     |Destination Pad|  Delay  |
---------------+---------------+---------+
a<0>           |y<0>           |   11.677|
a<0>           |y<10>          |   13.027|
a<0>           |y<11>          |   13.048|
a<0>           |y<12>          |   13.297|
a<0>           |y<13>          |   13.584|
a<0>           |y<14>          |   12.611|
a<0>           |y<15>          |   13.715|
a<0>           |y<1>           |   13.538|
a<0>           |y<2>           |   12.438|
a<0>           |y<3>           |   12.816|
a<0>           |y<4>           |   12.719|
a<0>           |y<5>           |   12.781|
a<0>           |y<6>           |   12.645|
a<0>           |y<7>           |   13.921|
a<0>           |y<8>           |   14.046|
a<0>           |y<9>           |   13.615|
a<10>          |y<10>          |   11.340|
a<10>          |y<11>          |   12.023|
a<10>          |y<12>          |   12.272|
a<10>          |y<13>          |   12.559|
a<10>          |y<14>          |   11.586|
a<10>          |y<15>          |   12.690|
a<11>          |y<11>          |   12.399|
a<11>          |y<12>          |   13.336|
a<11>          |y<13>          |   13.623|
a<11>          |y<14>          |   12.650|
a<11>          |y<15>          |   13.754|
a<12>          |y<12>          |   11.893|
a<12>          |y<13>          |   12.842|
a<12>          |y<14>          |   11.869|
a<12>          |y<15>          |   12.973|
a<13>          |y<13>          |   12.782|
a<13>          |y<14>          |   12.497|
a<13>          |y<15>          |   13.601|
a<14>          |y<14>          |   11.270|
a<14>          |y<15>          |   13.036|
a<15>          |y<15>          |   12.555|
a<1>           |y<10>          |   13.872|
a<1>           |y<11>          |   13.893|
a<1>           |y<12>          |   14.142|
a<1>           |y<13>          |   14.429|
a<1>           |y<14>          |   13.456|
a<1>           |y<15>          |   14.560|
a<1>           |y<1>           |   13.695|
a<1>           |y<2>           |   13.283|
a<1>           |y<3>           |   13.661|
a<1>           |y<4>           |   13.564|
a<1>           |y<5>           |   13.626|
a<1>           |y<6>           |   13.490|
a<1>           |y<7>           |   14.766|
a<1>           |y<8>           |   14.891|
a<1>           |y<9>           |   14.460|
a<2>           |y<10>          |   12.598|
a<2>           |y<11>          |   12.619|
a<2>           |y<12>          |   12.868|
a<2>           |y<13>          |   13.155|
a<2>           |y<14>          |   12.182|
a<2>           |y<15>          |   13.286|
a<2>           |y<2>           |   11.347|
a<2>           |y<3>           |   12.387|
a<2>           |y<4>           |   12.290|
a<2>           |y<5>           |   12.352|
a<2>           |y<6>           |   12.216|
a<2>           |y<7>           |   13.492|
a<2>           |y<8>           |   13.617|
a<2>           |y<9>           |   13.186|
a<3>           |y<10>          |   13.534|
a<3>           |y<11>          |   13.555|
a<3>           |y<12>          |   13.804|
a<3>           |y<13>          |   14.091|
a<3>           |y<14>          |   13.118|
a<3>           |y<15>          |   14.222|
a<3>           |y<3>           |   12.635|
a<3>           |y<4>           |   13.226|
a<3>           |y<5>           |   13.288|
a<3>           |y<6>           |   13.152|
a<3>           |y<7>           |   14.428|
a<3>           |y<8>           |   14.553|
a<3>           |y<9>           |   14.122|
a<4>           |y<10>          |   12.792|
a<4>           |y<11>          |   12.813|
a<4>           |y<12>          |   13.062|
a<4>           |y<13>          |   13.349|
a<4>           |y<14>          |   12.376|
a<4>           |y<15>          |   13.480|
a<4>           |y<4>           |   11.822|
a<4>           |y<5>           |   12.546|
a<4>           |y<6>           |   12.410|
a<4>           |y<7>           |   13.686|
a<4>           |y<8>           |   13.811|
a<4>           |y<9>           |   13.380|
a<5>           |y<10>          |   12.876|
a<5>           |y<11>          |   12.897|
a<5>           |y<12>          |   13.146|
a<5>           |y<13>          |   13.433|
a<5>           |y<14>          |   12.460|
a<5>           |y<15>          |   13.564|
a<5>           |y<5>           |   11.942|
a<5>           |y<6>           |   12.494|
a<5>           |y<7>           |   13.770|
a<5>           |y<8>           |   13.895|
a<5>           |y<9>           |   13.464|
a<6>           |y<10>          |   12.846|
a<6>           |y<11>          |   12.867|
a<6>           |y<12>          |   13.116|
a<6>           |y<13>          |   13.403|
a<6>           |y<14>          |   12.430|
a<6>           |y<15>          |   13.534|
a<6>           |y<6>           |   11.802|
a<6>           |y<7>           |   13.740|
a<6>           |y<8>           |   13.865|
a<6>           |y<9>           |   13.434|
a<7>           |y<10>          |   13.101|
a<7>           |y<11>          |   13.122|
a<7>           |y<12>          |   13.371|
a<7>           |y<13>          |   13.658|
a<7>           |y<14>          |   12.685|
a<7>           |y<15>          |   13.789|
a<7>           |y<7>           |   13.307|
a<7>           |y<8>           |   14.120|
a<7>           |y<9>           |   13.689|
a<8>           |y<10>          |   12.781|
a<8>           |y<11>          |   12.802|
a<8>           |y<12>          |   13.051|
a<8>           |y<13>          |   13.338|
a<8>           |y<14>          |   12.365|
a<8>           |y<15>          |   13.469|
a<8>           |y<8>           |   13.138|
a<8>           |y<9>           |   13.369|
a<9>           |y<10>          |   12.708|
a<9>           |y<11>          |   12.729|
a<9>           |y<12>          |   12.978|
a<9>           |y<13>          |   13.265|
a<9>           |y<14>          |   12.292|
a<9>           |y<15>          |   13.396|
a<9>           |y<9>           |   12.608|
af<0>          |y<0>           |   14.434|
af<0>          |y<10>          |   15.587|
af<0>          |y<11>          |   15.608|
af<0>          |y<12>          |   15.857|
af<0>          |y<13>          |   16.144|
af<0>          |y<14>          |   15.171|
af<0>          |y<15>          |   16.275|
af<0>          |y<1>           |   15.998|
af<0>          |y<2>           |   14.998|
af<0>          |y<3>           |   15.376|
af<0>          |y<4>           |   15.279|
af<0>          |y<5>           |   15.341|
af<0>          |y<6>           |   15.205|
af<0>          |y<7>           |   16.481|
af<0>          |y<8>           |   16.606|
af<0>          |y<9>           |   16.175|
af<1>          |y<0>           |   14.158|
af<1>          |y<10>          |   15.311|
af<1>          |y<11>          |   15.332|
af<1>          |y<12>          |   15.581|
af<1>          |y<13>          |   15.868|
af<1>          |y<14>          |   14.895|
af<1>          |y<15>          |   15.999|
af<1>          |y<1>           |   15.722|
af<1>          |y<2>           |   14.722|
af<1>          |y<3>           |   15.100|
af<1>          |y<4>           |   15.003|
af<1>          |y<5>           |   15.065|
af<1>          |y<6>           |   14.929|
af<1>          |y<7>           |   16.205|
af<1>          |y<8>           |   16.330|
af<1>          |y<9>           |   15.899|
af<2>          |y<0>           |   14.602|
af<2>          |y<10>          |   15.755|
af<2>          |y<11>          |   15.776|
af<2>          |y<12>          |   16.025|
af<2>          |y<13>          |   16.312|
af<2>          |y<14>          |   15.339|
af<2>          |y<15>          |   16.443|
af<2>          |y<1>           |   16.166|
af<2>          |y<2>           |   15.166|
af<2>          |y<3>           |   15.544|
af<2>          |y<4>           |   15.447|
af<2>          |y<5>           |   15.509|
af<2>          |y<6>           |   15.373|
af<2>          |y<7>           |   16.649|
af<2>          |y<8>           |   16.774|
af<2>          |y<9>           |   16.343|
b<0>           |y<0>           |   12.841|
b<0>           |y<10>          |   14.191|
b<0>           |y<11>          |   14.212|
b<0>           |y<12>          |   14.461|
b<0>           |y<13>          |   14.748|
b<0>           |y<14>          |   13.775|
b<0>           |y<15>          |   14.879|
b<0>           |y<1>           |   14.702|
b<0>           |y<2>           |   13.602|
b<0>           |y<3>           |   13.980|
b<0>           |y<4>           |   13.883|
b<0>           |y<5>           |   13.945|
b<0>           |y<6>           |   13.809|
b<0>           |y<7>           |   15.085|
b<0>           |y<8>           |   15.210|
b<0>           |y<9>           |   14.779|
b<10>          |y<10>          |   12.174|
b<10>          |y<11>          |   12.857|
b<10>          |y<12>          |   13.106|
b<10>          |y<13>          |   13.393|
b<10>          |y<14>          |   12.420|
b<10>          |y<15>          |   13.524|
b<10>          |y<9>           |   10.443|
b<11>          |y<10>          |   10.220|
b<11>          |y<11>          |   12.629|
b<11>          |y<12>          |   13.566|
b<11>          |y<13>          |   13.853|
b<11>          |y<14>          |   12.880|
b<11>          |y<15>          |   13.984|
b<12>          |y<11>          |   10.000|
b<12>          |y<12>          |   12.545|
b<12>          |y<13>          |   13.494|
b<12>          |y<14>          |   12.521|
b<12>          |y<15>          |   13.625|
b<13>          |y<12>          |    8.974|
b<13>          |y<13>          |   12.001|
b<13>          |y<14>          |   11.716|
b<13>          |y<15>          |   12.820|
b<14>          |y<13>          |    9.882|
b<14>          |y<14>          |   11.071|
b<14>          |y<15>          |   12.837|
b<15>          |y<14>          |    9.352|
b<15>          |y<15>          |   12.377|
b<1>           |y<0>           |    9.842|
b<1>           |y<10>          |   13.170|
b<1>           |y<11>          |   13.191|
b<1>           |y<12>          |   13.440|
b<1>           |y<13>          |   13.727|
b<1>           |y<14>          |   12.754|
b<1>           |y<15>          |   13.858|
b<1>           |y<1>           |   12.993|
b<1>           |y<2>           |   12.581|
b<1>           |y<3>           |   12.959|
b<1>           |y<4>           |   12.862|
b<1>           |y<5>           |   12.924|
b<1>           |y<6>           |   12.788|
b<1>           |y<7>           |   14.064|
b<1>           |y<8>           |   14.189|
b<1>           |y<9>           |   13.758|
b<2>           |y<10>          |   13.013|
b<2>           |y<11>          |   13.034|
b<2>           |y<12>          |   13.283|
b<2>           |y<13>          |   13.570|
b<2>           |y<14>          |   12.597|
b<2>           |y<15>          |   13.701|
b<2>           |y<1>           |   10.825|
b<2>           |y<2>           |   11.762|
b<2>           |y<3>           |   12.802|
b<2>           |y<4>           |   12.705|
b<2>           |y<5>           |   12.767|
b<2>           |y<6>           |   12.631|
b<2>           |y<7>           |   13.907|
b<2>           |y<8>           |   14.032|
b<2>           |y<9>           |   13.601|
b<3>           |y<10>          |   13.499|
b<3>           |y<11>          |   13.520|
b<3>           |y<12>          |   13.769|
b<3>           |y<13>          |   14.056|
b<3>           |y<14>          |   13.083|
b<3>           |y<15>          |   14.187|
b<3>           |y<2>           |    9.829|
b<3>           |y<3>           |   12.600|
b<3>           |y<4>           |   13.191|
b<3>           |y<5>           |   13.253|
b<3>           |y<6>           |   13.117|
b<3>           |y<7>           |   14.393|
b<3>           |y<8>           |   14.518|
b<3>           |y<9>           |   14.087|
b<4>           |y<10>          |   13.131|
b<4>           |y<11>          |   13.152|
b<4>           |y<12>          |   13.401|
b<4>           |y<13>          |   13.688|
b<4>           |y<14>          |   12.715|
b<4>           |y<15>          |   13.819|
b<4>           |y<3>           |   10.177|
b<4>           |y<4>           |   12.161|
b<4>           |y<5>           |   12.885|
b<4>           |y<6>           |   12.749|
b<4>           |y<7>           |   14.025|
b<4>           |y<8>           |   14.150|
b<4>           |y<9>           |   13.719|
b<5>           |y<10>          |   12.743|
b<5>           |y<11>          |   12.764|
b<5>           |y<12>          |   13.013|
b<5>           |y<13>          |   13.300|
b<5>           |y<14>          |   12.327|
b<5>           |y<15>          |   13.431|
b<5>           |y<4>           |    9.959|
b<5>           |y<5>           |   11.809|
b<5>           |y<6>           |   12.361|
b<5>           |y<7>           |   13.637|
b<5>           |y<8>           |   13.762|
b<5>           |y<9>           |   13.331|
b<6>           |y<10>          |   13.252|
b<6>           |y<11>          |   13.273|
b<6>           |y<12>          |   13.522|
b<6>           |y<13>          |   13.809|
b<6>           |y<14>          |   12.836|
b<6>           |y<15>          |   13.940|
b<6>           |y<5>           |    9.973|
b<6>           |y<6>           |   12.208|
b<6>           |y<7>           |   14.146|
b<6>           |y<8>           |   14.271|
b<6>           |y<9>           |   13.840|
b<7>           |y<10>          |   13.186|
b<7>           |y<11>          |   13.207|
b<7>           |y<12>          |   13.456|
b<7>           |y<13>          |   13.743|
b<7>           |y<14>          |   12.770|
b<7>           |y<15>          |   13.874|
b<7>           |y<6>           |   10.329|
b<7>           |y<7>           |   13.392|
b<7>           |y<8>           |   14.205|
b<7>           |y<9>           |   13.774|
b<8>           |y<10>          |   13.251|
b<8>           |y<11>          |   13.272|
b<8>           |y<12>          |   13.521|
b<8>           |y<13>          |   13.808|
b<8>           |y<14>          |   12.835|
b<8>           |y<15>          |   13.939|
b<8>           |y<7>           |   10.922|
b<8>           |y<8>           |   13.608|
b<8>           |y<9>           |   13.839|
b<9>           |y<10>          |   12.926|
b<9>           |y<11>          |   12.947|
b<9>           |y<12>          |   13.196|
b<9>           |y<13>          |   13.483|
b<9>           |y<14>          |   12.510|
b<9>           |y<15>          |   13.614|
b<9>           |y<8>           |   10.713|
b<9>           |y<9>           |   12.826|
---------------+---------------+---------+


Timing summary:
---------------

Timing errors: 16  Score: 93223

Constraints cover 918 paths, 0 nets, and 297 connections (100.0% coverage)

Design statistics:
   Maximum path delay from/to any node:  16.774ns


Analysis completed Sat Mar 29 20:57:26 2003
--------------------------------------------------------------------------------

