--------------------------------------------------------------------------------
Release 5.1.03i - Trace F.23
Copyright (c) 1995-2002 Xilinx, Inc.  All rights reserved.

C:/xilinx/bin/nt/trce.exe -quiet -e 3 -l 3 -xml regfile regfile.ncd -o
regfile.twr regfile.pcf

Design file:              regfile.ncd
Physical constraint file: regfile.pcf
Device,speed:             xc2s50e,-6 (PRODUCTION 1.16 2002-11-01)
Report level:             error report

Environment Variable      Effect 
--------------------      ------ 
NONE                      No environment variables were set
--------------------------------------------------------------------------------


================================================================================
Timing constraint: TS_P2P = MAXDELAY FROM TIMEGRP "PADS" TO TIMEGRP "PADS" 8 nS  ; 

 288 items analyzed, 32 timing errors detected.
 Maximum delay is  12.844ns.
--------------------------------------------------------------------------------
Slack:                  -4.844ns (requirement - data path)
  Source:               addrb<3> (PAD)
  Destination:          datab<5> (PAD)
  Requirement:          8.000ns
  Data Path Delay:      12.844ns (Levels of Logic = 4)

  Data Path: addrb<3> to datab<5>
    Location             Delay type         Delay(ns)  Physical Resource
                                                       Logical Resource(s)
    -------------------------------------------------  -------------------
    P57.I                Tiopi                 0.797   addrb<3>
                                                       addrb<3>
                                                       addrb_3_ibuf
    CLB_R7C12.S0.F4      net (fanout=32)       2.377   addrb_3_ibuf
    CLB_R7C12.S0.X       Tilo                  0.468   mram_ram__net25
                                                       mram_ram_inst_ramx_11.F
    CLB_R9C6.S0.G4       net (fanout=1)        1.511   mram_ram__net25
    CLB_R9C6.S0.Y        Tilo                  0.468   datab_14_obuf
                                                       mram_ram_inst_lut3_111
    P27.O                net (fanout=1)        2.622   datab_5_obuf
    P27.PAD              Tioop                 4.601   datab<5>
                                                       datab_5_obuf
                                                       datab<5>
    -------------------------------------------------  ---------------------------
    Total                                     12.844ns (6.334ns logic, 6.510ns route)
                                                       (49.3% logic, 50.7% route)

--------------------------------------------------------------------------------
Slack:                  -4.675ns (requirement - data path)
  Source:               addrb<1> (PAD)
  Destination:          datab<5> (PAD)
  Requirement:          8.000ns
  Data Path Delay:      12.675ns (Levels of Logic = 4)

  Data Path: addrb<1> to datab<5>
    Location             Delay type         Delay(ns)  Physical Resource
                                                       Logical Resource(s)
    -------------------------------------------------  -------------------
    P56.I                Tiopi                 0.797   addrb<1>
                                                       addrb<1>
                                                       addrb_1_ibuf
    CLB_R7C12.S0.F2      net (fanout=32)       2.208   addrb_1_ibuf
    CLB_R7C12.S0.X       Tilo                  0.468   mram_ram__net25
                                                       mram_ram_inst_ramx_11.F
    CLB_R9C6.S0.G4       net (fanout=1)        1.511   mram_ram__net25
    CLB_R9C6.S0.Y        Tilo                  0.468   datab_14_obuf
                                                       mram_ram_inst_lut3_111
    P27.O                net (fanout=1)        2.622   datab_5_obuf
    P27.PAD              Tioop                 4.601   datab<5>
                                                       datab_5_obuf
                                                       datab<5>
    -------------------------------------------------  ---------------------------
    Total                                     12.675ns (6.334ns logic, 6.341ns route)
                                                       (50.0% logic, 50.0% route)

--------------------------------------------------------------------------------
Slack:                  -4.512ns (requirement - data path)
  Source:               addrb<2> (PAD)
  Destination:          datab<5> (PAD)
  Requirement:          8.000ns
  Data Path Delay:      12.512ns (Levels of Logic = 4)

  Data Path: addrb<2> to datab<5>
    Location             Delay type         Delay(ns)  Physical Resource
                                                       Logical Resource(s)
    -------------------------------------------------  -------------------
    P49.I                Tiopi                 0.797   addrb<2>
                                                       addrb<2>
                                                       addrb_2_ibuf
    CLB_R7C12.S0.F3      net (fanout=32)       2.045   addrb_2_ibuf
    CLB_R7C12.S0.X       Tilo                  0.468   mram_ram__net25
                                                       mram_ram_inst_ramx_11.F
    CLB_R9C6.S0.G4       net (fanout=1)        1.511   mram_ram__net25
    CLB_R9C6.S0.Y        Tilo                  0.468   datab_14_obuf
                                                       mram_ram_inst_lut3_111
    P27.O                net (fanout=1)        2.622   datab_5_obuf
    P27.PAD              Tioop                 4.601   datab<5>
                                                       datab_5_obuf
                                                       datab<5>
    -------------------------------------------------  ---------------------------
    Total                                     12.512ns (6.334ns logic, 6.178ns route)
                                                       (50.6% logic, 49.4% route)

--------------------------------------------------------------------------------


1 constraint not met.


Data Sheet report:
-----------------
All values displayed in nanoseconds (ns)

Pad to Pad
---------------+---------------+---------+
Source Pad     |Destination Pad|  Delay  |
---------------+---------------+---------+
addra<0>       |dataa<0>       |   10.078|
addra<0>       |dataa<10>      |    9.902|
addra<0>       |dataa<11>      |   11.726|
addra<0>       |dataa<12>      |   12.206|
addra<0>       |dataa<13>      |   11.844|
addra<0>       |dataa<14>      |   10.694|
addra<0>       |dataa<15>      |   11.424|
addra<0>       |dataa<1>       |   10.723|
addra<0>       |dataa<2>       |   10.775|
addra<0>       |dataa<3>       |   11.051|
addra<0>       |dataa<4>       |   11.039|
addra<0>       |dataa<5>       |   11.032|
addra<0>       |dataa<6>       |   10.344|
addra<0>       |dataa<7>       |   11.225|
addra<0>       |dataa<8>       |   10.531|
addra<0>       |dataa<9>       |   10.800|
addra<1>       |dataa<0>       |   10.097|
addra<1>       |dataa<10>      |    9.800|
addra<1>       |dataa<11>      |   11.436|
addra<1>       |dataa<12>      |   12.196|
addra<1>       |dataa<13>      |   11.736|
addra<1>       |dataa<14>      |   10.810|
addra<1>       |dataa<15>      |   11.294|
addra<1>       |dataa<1>       |   10.438|
addra<1>       |dataa<2>       |   10.618|
addra<1>       |dataa<3>       |   11.073|
addra<1>       |dataa<4>       |   10.897|
addra<1>       |dataa<5>       |   11.090|
addra<1>       |dataa<6>       |   10.316|
addra<1>       |dataa<7>       |   11.308|
addra<1>       |dataa<8>       |   10.537|
addra<1>       |dataa<9>       |   10.969|
addra<2>       |dataa<0>       |   10.017|
addra<2>       |dataa<10>      |   10.000|
addra<2>       |dataa<11>      |   11.293|
addra<2>       |dataa<12>      |   11.812|
addra<2>       |dataa<13>      |   11.164|
addra<2>       |dataa<14>      |   10.473|
addra<2>       |dataa<15>      |   11.050|
addra<2>       |dataa<1>       |   10.216|
addra<2>       |dataa<2>       |   10.894|
addra<2>       |dataa<3>       |   10.959|
addra<2>       |dataa<4>       |   11.092|
addra<2>       |dataa<5>       |   10.954|
addra<2>       |dataa<6>       |   10.195|
addra<2>       |dataa<7>       |   10.834|
addra<2>       |dataa<8>       |   10.660|
addra<2>       |dataa<9>       |   10.552|
addra<3>       |dataa<0>       |    9.902|
addra<3>       |dataa<10>      |    9.859|
addra<3>       |dataa<11>      |   11.329|
addra<3>       |dataa<12>      |   12.076|
addra<3>       |dataa<13>      |   11.725|
addra<3>       |dataa<14>      |   10.827|
addra<3>       |dataa<15>      |   11.080|
addra<3>       |dataa<1>       |   10.296|
addra<3>       |dataa<2>       |   10.792|
addra<3>       |dataa<3>       |   10.899|
addra<3>       |dataa<4>       |   10.819|
addra<3>       |dataa<5>       |   11.027|
addra<3>       |dataa<6>       |   10.132|
addra<3>       |dataa<7>       |   10.990|
addra<3>       |dataa<8>       |   10.280|
addra<3>       |dataa<9>       |   10.617|
addra<4>       |dataa<0>       |    9.276|
addra<4>       |dataa<10>      |    9.689|
addra<4>       |dataa<11>      |   10.340|
addra<4>       |dataa<12>      |   10.525|
addra<4>       |dataa<13>      |   10.992|
addra<4>       |dataa<14>      |   10.322|
addra<4>       |dataa<15>      |    9.939|
addra<4>       |dataa<1>       |    9.400|
addra<4>       |dataa<2>       |   10.313|
addra<4>       |dataa<3>       |    9.917|
addra<4>       |dataa<4>       |   10.091|
addra<4>       |dataa<5>       |    9.888|
addra<4>       |dataa<6>       |    9.840|
addra<4>       |dataa<7>       |    9.354|
addra<4>       |dataa<8>       |    9.308|
addra<4>       |dataa<9>       |    9.379|
addrb<0>       |datab<0>       |   11.625|
addrb<0>       |datab<10>      |   11.815|
addrb<0>       |datab<11>      |   12.310|
addrb<0>       |datab<12>      |   11.915|
addrb<0>       |datab<13>      |   11.999|
addrb<0>       |datab<14>      |   11.954|
addrb<0>       |datab<15>      |   11.950|
addrb<0>       |datab<1>       |   11.768|
addrb<0>       |datab<2>       |   10.827|
addrb<0>       |datab<3>       |   11.723|
addrb<0>       |datab<4>       |   11.793|
addrb<0>       |datab<5>       |   12.485|
addrb<0>       |datab<6>       |   11.901|
addrb<0>       |datab<7>       |   10.859|
addrb<0>       |datab<8>       |   11.602|
addrb<0>       |datab<9>       |   12.285|
addrb<1>       |datab<0>       |   11.823|
addrb<1>       |datab<10>      |   11.774|
addrb<1>       |datab<11>      |   12.167|
addrb<1>       |datab<12>      |   11.762|
addrb<1>       |datab<13>      |   11.732|
addrb<1>       |datab<14>      |   11.871|
addrb<1>       |datab<15>      |   11.560|
addrb<1>       |datab<1>       |   11.668|
addrb<1>       |datab<2>       |   10.780|
addrb<1>       |datab<3>       |   11.544|
addrb<1>       |datab<4>       |   11.262|
addrb<1>       |datab<5>       |   12.675|
addrb<1>       |datab<6>       |   11.706|
addrb<1>       |datab<7>       |   11.158|
addrb<1>       |datab<8>       |   11.774|
addrb<1>       |datab<9>       |   12.167|
addrb<2>       |datab<0>       |   11.481|
addrb<2>       |datab<10>      |   11.410|
addrb<2>       |datab<11>      |   12.110|
addrb<2>       |datab<12>      |   11.360|
addrb<2>       |datab<13>      |   11.627|
addrb<2>       |datab<14>      |   11.511|
addrb<2>       |datab<15>      |   11.485|
addrb<2>       |datab<1>       |   11.586|
addrb<2>       |datab<2>       |   10.709|
addrb<2>       |datab<3>       |   11.200|
addrb<2>       |datab<4>       |   11.178|
addrb<2>       |datab<5>       |   12.512|
addrb<2>       |datab<6>       |   11.559|
addrb<2>       |datab<7>       |   11.233|
addrb<2>       |datab<8>       |   11.338|
addrb<2>       |datab<9>       |   12.249|
addrb<3>       |datab<0>       |   11.691|
addrb<3>       |datab<10>      |   11.876|
addrb<3>       |datab<11>      |   12.438|
addrb<3>       |datab<12>      |   11.886|
addrb<3>       |datab<13>      |   11.737|
addrb<3>       |datab<14>      |   12.081|
addrb<3>       |datab<15>      |   11.750|
addrb<3>       |datab<1>       |   11.560|
addrb<3>       |datab<2>       |   10.758|
addrb<3>       |datab<3>       |   11.436|
addrb<3>       |datab<4>       |   11.582|
addrb<3>       |datab<5>       |   12.844|
addrb<3>       |datab<6>       |   11.845|
addrb<3>       |datab<7>       |   11.369|
addrb<3>       |datab<8>       |   11.969|
addrb<3>       |datab<9>       |   12.265|
addrb<4>       |datab<0>       |    9.678|
addrb<4>       |datab<10>      |    9.288|
addrb<4>       |datab<11>      |   10.148|
addrb<4>       |datab<12>      |    9.644|
addrb<4>       |datab<13>      |    9.316|
addrb<4>       |datab<14>      |    9.086|
addrb<4>       |datab<15>      |    9.597|
addrb<4>       |datab<1>       |    8.766|
addrb<4>       |datab<2>       |    8.995|
addrb<4>       |datab<3>       |   10.366|
addrb<4>       |datab<4>       |    8.389|
addrb<4>       |datab<5>       |   10.126|
addrb<4>       |datab<6>       |    9.592|
addrb<4>       |datab<7>       |    9.374|
addrb<4>       |datab<8>       |   10.208|
addrb<4>       |datab<9>       |    9.960|
---------------+---------------+---------+


Timing summary:
---------------

Timing errors: 32  Score: 110838

Constraints cover 288 paths, 0 nets, and 384 connections (45.9% coverage)

Design statistics:
   Maximum path delay from/to any node:  12.844ns


Analysis completed Sat Mar 29 22:08:14 2003
--------------------------------------------------------------------------------

